2026-01-11 20:48:21,564 - INFO - Ensuring database 'DB_DATA_WAREHOUSE_3306' exists...
2026-01-11 20:48:21,565 - INFO - Checking database existence...
2026-01-11 20:48:22,010 - INFO - package: mysql.connector.plugins
2026-01-11 20:48:22,010 - INFO - plugin_name: caching_sha2_password
2026-01-11 20:48:22,015 - INFO - AUTHENTICATION_PLUGIN_CLASS: MySQLCachingSHA2PasswordAuthPlugin
2026-01-11 20:48:29,498 - INFO - Database ready: DB_DATA_WAREHOUSE_3306
2026-01-11 20:48:29,500 - INFO - Creating... Script from File: sql/01_staging/create_staging_tables.sql
2026-01-11 20:48:39,998 - INFO - Executed SQL file successfully: sql/01_staging/create_staging_tables.sql
2026-01-11 20:48:40,001 - INFO - Creating... Script from File: sql/01_staging/insert_sales_years.sql
2026-01-11 20:48:41,115 - INFO - Executed SQL file successfully: sql/01_staging/insert_sales_years.sql
2026-01-11 20:48:41,117 - INFO - Creating... Script from File: sql/02_dw_hop1/create_dw_hop1_tables.sql
2026-01-11 20:48:46,994 - INFO - Executed SQL file successfully: sql/02_dw_hop1/create_dw_hop1_tables.sql
2026-01-11 20:48:46,997 - INFO - Creating... Script from File: sql/03_dw_hop2/create_dw_hop2_tables.sql
2026-01-11 20:48:51,688 - INFO - Executed SQL file successfully: sql/03_dw_hop2/create_dw_hop2_tables.sql
2026-01-11 20:48:51,690 - INFO - Creating... Script from File: sql/04_data_mart/create_data_mart_tables.sql
2026-01-11 20:48:57,172 - INFO - Executed SQL file successfully: sql/04_data_mart/create_data_mart_tables.sql
2026-01-11 20:48:57,175 - INFO - Creating... Script from File: sql/05_views/vw_customer_retention.sql
2026-01-11 20:48:57,409 - INFO - Executed SQL file successfully: sql/05_views/vw_customer_retention.sql
2026-01-11 20:48:57,411 - INFO - Creating... Script from File: sql/05_views/vw_customer_clv.sql
2026-01-11 20:48:57,852 - INFO - Executed SQL file successfully: sql/05_views/vw_customer_clv.sql
2026-01-11 20:48:57,854 - INFO - ETL :: LOADING MASTER DATA [CUSTOMERS, PRODUCTS, PRODUCT_CATEGORIES, TERRITORY]
2026-01-11 20:48:57,855 - INFO - Loading Master Data from files ('Customers.csv') to table ('staging_Customers')...
2026-01-11 20:49:19,893 - INFO - Loading Master Data from files ('Products.csv') to table ('staging_Products')...
2026-01-11 20:49:20,811 - INFO - Loading Master Data from files ('Product_Categories.csv') to table ('staging_Product_Categories')...
2026-01-11 20:49:21,074 - INFO - Loading Master Data from files ('Product_Subcategories.csv') to table ('staging_Product_Subcategories')...
2026-01-11 20:49:21,285 - INFO - Loading Master Data from files ('Territory.csv') to table ('staging_Territory')...
2026-01-11 21:22:09,308 - INFO - Ensuring database 'DB_DATA_WAREHOUSE_3306' exists...
2026-01-11 21:22:09,308 - INFO - Checking database existence...
2026-01-11 21:22:09,655 - INFO - package: mysql.connector.plugins
2026-01-11 21:22:09,655 - INFO - plugin_name: caching_sha2_password
2026-01-11 21:22:09,660 - INFO - AUTHENTICATION_PLUGIN_CLASS: MySQLCachingSHA2PasswordAuthPlugin
2026-01-11 21:22:15,746 - INFO - Database ready: DB_DATA_WAREHOUSE_3306
2026-01-11 21:22:15,749 - INFO - Creating... Script from File: sql/01_staging/create_staging_tables.sql
2026-01-11 21:22:22,130 - INFO - Executed SQL file successfully: sql/01_staging/create_staging_tables.sql
2026-01-11 21:22:22,133 - INFO - Creating... Script from File: sql/01_staging/insert_sales_years.sql
2026-01-11 21:22:23,237 - INFO - Executed SQL file successfully: sql/01_staging/insert_sales_years.sql
2026-01-11 21:22:23,238 - INFO - Creating... Script from File: sql/02_dw_hop1/create_dw_hop1_tables.sql
2026-01-11 21:22:28,226 - INFO - Executed SQL file successfully: sql/02_dw_hop1/create_dw_hop1_tables.sql
2026-01-11 21:22:28,230 - INFO - Creating... Script from File: sql/03_dw_hop2/create_dw_hop2_tables.sql
2026-01-11 21:22:32,941 - INFO - Executed SQL file successfully: sql/03_dw_hop2/create_dw_hop2_tables.sql
2026-01-11 21:22:32,944 - INFO - Creating... Script from File: sql/04_data_mart/create_data_mart_tables.sql
2026-01-11 21:22:38,192 - INFO - Executed SQL file successfully: sql/04_data_mart/create_data_mart_tables.sql
2026-01-11 21:22:38,195 - INFO - Creating... Script from File: sql/05_views/vw_customer_retention.sql
2026-01-11 21:22:38,370 - INFO - Executed SQL file successfully: sql/05_views/vw_customer_retention.sql
2026-01-11 21:22:38,374 - INFO - Creating... Script from File: sql/05_views/vw_customer_clv.sql
2026-01-11 21:22:38,837 - INFO - Executed SQL file successfully: sql/05_views/vw_customer_clv.sql
2026-01-11 21:22:38,841 - INFO - ETL :: LOADING MASTER DATA [CUSTOMERS, PRODUCTS, PRODUCT_CATEGORIES, TERRITORY]
2026-01-11 21:22:38,842 - INFO - Loading Master Data from files ('Customers.csv') to table ('staging_Customers')...
2026-01-11 21:23:00,344 - INFO - Loading Master Data from files ('Products.csv') to table ('staging_Products')...
2026-01-11 21:23:01,038 - INFO - Loading Master Data from files ('Product_Categories.csv') to table ('staging_Product_Categories')...
2026-01-11 21:23:01,215 - INFO - Loading Master Data from files ('Product_Subcategories.csv') to table ('staging_Product_Subcategories')...
2026-01-11 21:23:01,405 - INFO - Loading Master Data from files ('Territory.csv') to table ('staging_Territory')...
